                                            SAS 系统                                           1
                                                 2016年04月24日 星期日 下午04时55分16秒

                             Obs    Cust_ID     Order_ID     Order_DT

                               1      1001     2016010110    20160106
                               2      1001     2016020302    20160203
                               3      1002     2016010102    20160101
                               4      1003     2016020301    20160203
                               5      1003     2016020303    20160203
                               6      1004     2016030702    20160308
                               7      1005     2016030801    20160309
                               8      1006     2016030807    20160309
                               9      1007     2016030810    20160309
                              10      1008     2016030811    20160309
                              11      1010     2016030812    20160309
                                            SAS 系统                                           2
                                                 2016年04月24日 星期日 下午04时55分16秒

                               Cust_ID  Order_ID  Order_DT   Txn_Amt
                              --------------------------------------
                                  1001   2.016E9  20160106       100
                                  1001   2.016E9  20160203      30.3
                                  1002   2.016E9  20160101        20
                                  1003   2.016E9  20160203        30
                                  1003   2.016E9  20160203        45
                                  1004   2.016E9  20160308      22.6
                                  1006   2.016E9  20160309        33
                                  1007   2.016E9  20160309      33.5
                                  1008   2.016E9  20160309        40
                                  1010   2.016E9  20160309        80
